// Jest Snapshot v1, https://goo.gl/fbAQLP

exports[`renders correctly 1`] = `
<div
  className="app"
>
  <header
    className="search"
  >
    <form
      onSubmit={[Function]}
    >
      <input
        onChange={[Function]}
        placeholder="Search for gifs"
        type="search"
      />
      <button>
        <img
          alt="search icon"
          src="search-icon.svg"
        />
      </button>
    </form>
  </header>
  <div
    className="container"
  >
    <div
      className="item"
    >
      <div
        className="placeholder"
      />
    </div>
    <div
      className="item"
    >
      <div
        className="placeholder"
      />
    </div>
    <div
      className="item"
    >
      <div
        className="placeholder"
      />
    </div>
    <div
      className="item"
    >
      <div
        className="placeholder"
      />
    </div>
    <div
      className="item"
    >
      <div
        className="placeholder"
      />
    </div>
    <div
      className="item"
    >
      <div
        className="placeholder"
      />
    </div>
    <div
      className="item"
    >
      <div
        className="placeholder"
      />
    </div>
    <div
      className="item"
    >
      <div
        className="placeholder"
      />
    </div>
    <div
      className="item"
    >
      <div
        className="placeholder"
      />
    </div>
    <div
      className="item"
    >
      <div
        className="placeholder"
      />
    </div>
    <div
      className="item"
    >
      <div
        className="placeholder"
      />
    </div>
    <div
      className="item"
    >
      <div
        className="placeholder"
      />
    </div>
    <div
      className="item"
    >
      <div
        className="placeholder"
      />
    </div>
    <div
      className="item"
    >
      <div
        className="placeholder"
      />
    </div>
    <div
      className="item"
    >
      <div
        className="placeholder"
      />
    </div>
    <div
      className="item"
    >
      <div
        className="placeholder"
      />
    </div>
    <div
      className="item"
    >
      <div
        className="placeholder"
      />
    </div>
    <div
      className="item"
    >
      <div
        className="placeholder"
      />
    </div>
    <div
      className="item"
    >
      <div
        className="placeholder"
      />
    </div>
    <div
      className="item"
    >
      <div
        className="placeholder"
      />
    </div>
    <div
      className="item"
    >
      <div
        className="placeholder"
      />
    </div>
    <div
      className="item"
    >
      <div
        className="placeholder"
      />
    </div>
    <div
      className="item"
    >
      <div
        className="placeholder"
      />
    </div>
    <div
      className="item"
    >
      <div
        className="placeholder"
      />
    </div>
    <div
      className="item"
    >
      <div
        className="placeholder"
      />
    </div>
  </div>
</div>
`;
