// Jest Snapshot v1, https://goo.gl/fbAQLP

exports[`renders correctly 1`] = `
<div
  className="app"
>
  <header
    className="search"
  >
    <input
      onChange={[Function]}
      placeholder="Search for gifs"
      type="search"
    />
    <button
      onClick={[Function]}
    >
      <img
        alt="search icon"
        src="search-icon.svg"
      />
    </button>
  </header>
  <div
    className="container"
  >
    <div
      className="item"
    >
      <div
        className="placeholder"
      />
    </div>
    <div
      className="item"
    >
      <div
        className="placeholder"
      />
    </div>
    <div
      className="item"
    >
      <div
        className="placeholder"
      />
    </div>
    <div
      className="item"
    >
      <div
        className="placeholder"
      />
    </div>
    <div
      className="item"
    >
      <div
        className="placeholder"
      />
    </div>
    <div
      className="item"
    >
      <div
        className="placeholder"
      />
    </div>
    <div
      className="item"
    >
      <div
        className="placeholder"
      />
    </div>
    <div
      className="item"
    >
      <div
        className="placeholder"
      />
    </div>
    <div
      className="item"
    >
      <div
        className="placeholder"
      />
    </div>
    <div
      className="item"
    >
      <div
        className="placeholder"
      />
    </div>
    <div
      className="item"
    >
      <div
        className="placeholder"
      />
    </div>
    <div
      className="item"
    >
      <div
        className="placeholder"
      />
    </div>
    <div
      className="item"
    >
      <div
        className="placeholder"
      />
    </div>
    <div
      className="item"
    >
      <div
        className="placeholder"
      />
    </div>
    <div
      className="item"
    >
      <div
        className="placeholder"
      />
    </div>
    <div
      className="item"
    >
      <div
        className="placeholder"
      />
    </div>
    <div
      className="item"
    >
      <div
        className="placeholder"
      />
    </div>
    <div
      className="item"
    >
      <div
        className="placeholder"
      />
    </div>
    <div
      className="item"
    >
      <div
        className="placeholder"
      />
    </div>
    <div
      className="item"
    >
      <div
        className="placeholder"
      />
    </div>
    <div
      className="item"
    >
      <div
        className="placeholder"
      />
    </div>
    <div
      className="item"
    >
      <div
        className="placeholder"
      />
    </div>
    <div
      className="item"
    >
      <div
        className="placeholder"
      />
    </div>
    <div
      className="item"
    >
      <div
        className="placeholder"
      />
    </div>
    <div
      className="item"
    >
      <div
        className="placeholder"
      />
    </div>
  </div>
</div>
`;
